// Vitest Snapshot v1, https://vitest.dev/guide/snapshot.html

exports[`CameraDetails component > matches snapshot 1`] = `
<DocumentFragment>
  <div
    class="container"
  >
    <div
      class="shadow-lg rounded-0 rounded-bottom card"
    >
      <div
        class="g-0 row"
      >
        <div
          class="col-md-4"
        >
          <img
            alt="Logo for Alexa 35"
            class="card-img p-3"
            src="arri_alexa_35.png"
            style="object-fit: contain; max-height: 250px; max-width: 100%;"
          />
        </div>
        <div
          class="col-md-5"
        >
          <div
            class="text-start card-body"
          >
            <div
              class="card-title h5"
            >
              Alexa 35
            </div>
            <dl
              class="row"
            >
              <dt
                class="col-sm-4"
              >
                Make:
              </dt>
              <dd
                class="col-sm-8"
              >
                ARRI
              </dd>
              <dt
                class="col-sm-4"
              >
                Sensor Type:
              </dt>
              <dd
                class="col-sm-8"
              >
                Super 35 format ARRI ALEV 4 CMOS sensor with Bayer pattern color filter array
              </dd>
              <dt
                class="col-sm-4"
              >
                Max Filmback:
              </dt>
              <dd
                class="col-sm-8"
              >
                27.99mm x 19.22mm
              </dd>
              <dt
                class="col-sm-4"
              >
                Max Resolution:
              </dt>
              <dd
                class="col-sm-8"
              >
                4608 x 3164
              </dd>
              <dt
                class="col-sm-4"
              >
                Frame Rate:
              </dt>
              <dd
                class="col-sm-8"
              >
                0.75fps - 120fps
              </dd>
            </dl>
          </div>
        </div>
        <div
          class="text-start p-3 col-md-3"
        />
      </div>
    </div>
    <div
      class="mt-3 row"
    >
      <div
        class="col"
      >
        <div
          class="row"
        >
          <form
            class=""
          >
            <div
              class="my-3 input-group"
            >
              <input
                class="form-control"
                placeholder="Search formats"
                value=""
              />
            </div>
          </form>
        </div>
        <div
          class="row"
        >
          <div
            class="table-responsive"
          >
            <table
              class="small table table-sm table-striped table-hover"
            >
              <thead>
                <tr>
                  <th>
                    Format
                  </th>
                  <th>
                    Resolution
                  </th>
                  <th>
                    Filmback
                  </th>
                  <th>
                    PAR
                  </th>
                  <th>
                    Anamorphic?
                  </th>
                  <th>
                    Desqueezed?
                  </th>
                  <th>
                    Action
                  </th>
                </tr>
              </thead>
              <tbody>
                <tr>
                  <td>
                    4.6K 3:2 Open Gate
                  </td>
                  <td>
                    4608 x 3164
                  </td>
                  <td>
                    28mm x 19.2mm
                  </td>
                  <td>
                    1
                  </td>
                  <td
                    class="text-center"
                  >
                    <span
                      class="text-danger"
                    >
                      ✗
                    </span>
                  </td>
                  <td
                    class="text-center"
                  >
                    <span
                      class="text-danger"
                    >
                      ✗
                    </span>
                  </td>
                  <td>
                    <a
                      class="btn btn-outline-primary btn-sm"
                      data-discover="true"
                      href="/formats/1"
                    >
                      View
                    </a>
                  </td>
                </tr>
                <tr>
                  <td>
                    4K 16:9 
                  </td>
                  <td>
                    4096 x 2304
                  </td>
                  <td>
                    28mm x 15.7mm
                  </td>
                  <td>
                    1
                  </td>
                  <td
                    class="text-center"
                  >
                    <span
                      class="text-danger"
                    >
                      ✗
                    </span>
                  </td>
                  <td
                    class="text-center"
                  >
                    <span
                      class="text-danger"
                    >
                      ✗
                    </span>
                  </td>
                  <td>
                    <a
                      class="btn btn-outline-primary btn-sm"
                      data-discover="true"
                      href="/formats/2"
                    >
                      View
                    </a>
                  </td>
                </tr>
              </tbody>
            </table>
          </div>
        </div>
      </div>
    </div>
  </div>
</DocumentFragment>
`;
