// Vitest Snapshot v1, https://vitest.dev/guide/snapshot.html

exports[`MakeDetails component > matches snapshot 1`] = `
<DocumentFragment>
  <div
    class="container"
  >
    <div
      class="shadow-lg rounded-0 rounded-bottom card"
    >
      <div
        class="g-0 row"
      >
        <div
          class="col-md-4"
        >
          <img
            alt="Logo for ARRI"
            class="card-img h-100 p-3"
            src="arri_logo.png"
            style="object-fit: cover;"
          />
        </div>
        <div
          class="col-md-8"
        >
          <div
            class="text-start card-body"
          >
            <div
              class="card-title h5"
            >
              ARRI
            </div>
            <p
              class="card-text"
            >
              https://www.arri.com/en
            </p>
          </div>
        </div>
      </div>
    </div>
    <div
      class="mt-3 row"
    >
      <div
        class="table-responsive"
      >
        <table
          class="table table-striped table-hover"
        >
          <thead>
            <tr>
              <th>
                Image
              </th>
              <th>
                Model
              </th>
              <th>
                Sensor Type
              </th>
              <th>
                Max Filmback Size
              </th>
              <th>
                Max Resolution
              </th>
              <th>
                Action
              </th>
            </tr>
          </thead>
          <tbody>
            <tr>
              <td>
                <img
                  alt="Image of Alexa 35"
                  src="arri_alexa_35.png"
                  style="width: 60px;"
                />
              </td>
              <td>
                Alexa 35
              </td>
              <td />
              <td>
                mm x mm
              </td>
              <td>
                 x 
              </td>
              <td>
                <a
                  class="btn btn-outline-primary btn-sm"
                  data-discover="true"
                  href="/cameras/1"
                >
                  View
                </a>
              </td>
            </tr>
            <tr>
              <td>
                <img
                  alt="Image of Alexa Mini LF"
                  src="arri_alexa_mini.png"
                  style="width: 60px;"
                />
              </td>
              <td>
                Alexa Mini LF
              </td>
              <td />
              <td>
                mm x mm
              </td>
              <td>
                 x 
              </td>
              <td>
                <a
                  class="btn btn-outline-primary btn-sm"
                  data-discover="true"
                  href="/cameras/2"
                >
                  View
                </a>
              </td>
            </tr>
          </tbody>
        </table>
      </div>
    </div>
  </div>
</DocumentFragment>
`;
