// Vitest Snapshot v1, https://vitest.dev/guide/snapshot.html

exports[`ProjectDetails component > matches snapshot 1`] = `
<DocumentFragment>
  <div
    class="container"
  >
    <div
      class="shadow-lg rounded-0 rounded-bottom card"
    >
      <div
        class="g-0 row"
      >
        <div
          class="col-md-4"
        >
          <img
            alt="Poster for for One Piece"
            class="card-img p-3"
            src="https://www.pathtoposter1.com"
            style="object-fit: contain; max-height: 350px; max-width: 100%;"
          />
        </div>
        <div
          class="col-md-5"
        >
          <div
            class="text-start card-body"
          >
            <div
              class="card-title h5"
            >
              <h2>
                One Piece (2023)
              </h2>
            </div>
            <div
              class="mt-3"
            >
              <h4>
                Description
              </h4>
              <p>
                With his straw hat and ragtag crew, young pirate Monkey D. Luffy goes on an epic voyage for treasure. 
              </p>
            </div>
            <div
              class="row"
            >
              <div
                class="px-3 col-md-4 col-sm-6 col-12"
              >
                <a
                  class="text-decoration-none"
                  data-discover="true"
                  href="/cameras/1"
                >
                  <div
                    class="h-50 shadow-lg card"
                  >
                    <img
                      alt="Image for Alexa 35"
                      class="card-img-top w-50 mx-auto mt-3"
                      style="object-fit: contain;"
                    />
                    <div
                      class="card-body"
                    >
                      <p
                        class="fs-6 text-center mb-1 card-text"
                      >
                         Alexa 35
                      </p>
                    </div>
                  </div>
                </a>
              </div>
            </div>
          </div>
        </div>
        <div
          class="text-start p-3 col-md-3"
        >
          <div>
            <dl
              class="row"
            >
              <dt
                class="col-sm-4"
              >
                Type:
              </dt>
              <dd
                class="col-sm-8"
              >
                episodic
              </dd>
            </dl>
          </div>
        </div>
      </div>
    </div>
    <div
      class="border-0 shadow-sm mt-3 card"
    >
      <div
        class="py-2 card-body"
      >
        <div
          class="align-items-center row"
        >
          <div
            class="text-end col"
          >
            <button
              class="m-2  btn btn-outline-primary btn-sm"
              type="button"
            >
              Add Format
            </button>
          </div>
        </div>
      </div>
    </div>
    <div
      class="mt-3 row"
    >
      <div
        class="text-start"
      >
        <h3>
          Formats
        </h3>
      </div>
      <div
        class="table-responsive"
      >
        <table
          class="small table table-sm table-striped table-hover"
        >
          <thead>
            <tr>
              <th>
                Make
              </th>
              <th>
                Model
              </th>
              <th>
                Format
              </th>
              <th>
                Resolution
              </th>
              <th>
                Filmback
              </th>
              <th>
                PAR
              </th>
              <th>
                Anamorphic?
              </th>
              <th>
                Desqueezed?
              </th>
              <th />
              <th>
                Action
              </th>
            </tr>
          </thead>
          <tbody>
            <tr>
              <td>
                ARRI
              </td>
              <td>
                Alexa 35
              </td>
              <td>
                4.6K 3:2 Open Gate
              </td>
              <td>
                4608 x 3164
              </td>
              <td>
                28mm x 19.2mm
              </td>
              <td>
                1
              </td>
              <td
                class="text-center"
              >
                <span
                  class="text-danger"
                >
                  ✗
                </span>
              </td>
              <td
                class="text-center"
              >
                <span
                  class="text-danger"
                >
                  ✗
                </span>
              </td>
              <td>
                <div
                  class="d-flex flex-column align-items-center"
                  style="min-width: 60px;"
                >
                  <button
                    class="btn p-0 border-0"
                    style="color: rgb(40, 167, 69); font-size: 18px; line-height: 1;"
                  >
                    ▲
                  </button>
                  <small
                    class="text-muted my-1"
                  >
                    3
                  </small>
                  <button
                    class="btn p-0 border-0"
                    style="color: rgb(220, 53, 69); font-size: 18px; line-height: 1;"
                  >
                    ▽
                  </button>
                </div>
              </td>
              <td>
                <a
                  class="btn btn-outline-primary btn-sm"
                  data-discover="true"
                  href="/formats/1"
                >
                  View
                </a>
              </td>
            </tr>
            <tr>
              <td>
                ARRI
              </td>
              <td>
                Alexa 35
              </td>
              <td>
                4K 16:9 
              </td>
              <td>
                4096 x 2304
              </td>
              <td>
                28mm x 15.7mm
              </td>
              <td>
                1
              </td>
              <td
                class="text-center"
              >
                <span
                  class="text-danger"
                >
                  ✗
                </span>
              </td>
              <td
                class="text-center"
              >
                <span
                  class="text-danger"
                >
                  ✗
                </span>
              </td>
              <td>
                <div
                  class="d-flex flex-column align-items-center"
                  style="min-width: 60px;"
                >
                  <button
                    class="btn p-0 border-0"
                    style="color: rgb(40, 167, 69); font-size: 18px; line-height: 1;"
                  >
                    △
                  </button>
                  <small
                    class="text-muted my-1"
                  >
                    -2
                  </small>
                  <button
                    class="btn p-0 border-0"
                    style="color: rgb(220, 53, 69); font-size: 18px; line-height: 1;"
                  >
                    ▼
                  </button>
                </div>
              </td>
              <td>
                <a
                  class="btn btn-outline-primary btn-sm"
                  data-discover="true"
                  href="/formats/2"
                >
                  View
                </a>
              </td>
            </tr>
          </tbody>
        </table>
      </div>
    </div>
  </div>
</DocumentFragment>
`;
